// Jest Snapshot v1, https://goo.gl/fbAQLP

exports[`should transform 1`] = `
"console.log(\\"/src/\\", \\"input\\");
alert(\\"input\\", \\"/src/\\");

function usePathsForSomething() {
  return [\\"input\\", \\"/src/\\"];
}"
`;
